Result (145 files): 
- 11 errors
- 0 warnings
- 30 hints

Diagnostics:
src/components/CampaignHero.astro:159:9 - warning astro(4000): This script will be treated as if it has the `is:inline` directive because it contains an attribute. Therefore, features that require processing (e.g. using TypeScript or npm packages in the script) are unavailable.
See docs for more details: https://docs.astro.build/en/guides/client-side-scripts/#script-processing.
Add the `is:inline` directive explicitly to silence this hint.

src/components/ResourceHero.astro:27:46 - warning ts(6133): 'category' is declared but its value is never read.

src/layouts/PageLayout.astro:20:6 - warning ts(6196): 'pageFrontmatter' is declared but never used.
src/layouts/PageLayout.astro:18:37 - warning ts(6196): 'PersonData' is declared but never used.

src/lib/campaign-utils.ts:244:17 - warning ts(8024): JSDoc '@param' tag has name 'DB', but there is no parameter with that name.

src/lib/resource-form.js:84:11 - warning ts(6133): '_errorElement' is declared but its value is never read.

src/lib/schema-generators.ts:614:17 - warning ts(80004): JSDoc types may be moved to TypeScript types.
src/lib/schema-generators.ts:559:17 - warning ts(80004): JSDoc types may be moved to TypeScript types.
src/lib/schema-generators.ts:512:17 - warning ts(80004): JSDoc types may be moved to TypeScript types.
src/lib/schema-generators.ts:411:17 - warning ts(80004): JSDoc types may be moved to TypeScript types.
src/lib/schema-generators.ts:368:17 - warning ts(80004): JSDoc types may be moved to TypeScript types.
src/lib/schema-generators.ts:348:17 - warning ts(80004): JSDoc types may be moved to TypeScript types.
src/lib/schema-generators.ts:308:17 - warning ts(80004): JSDoc types may be moved to TypeScript types.
src/lib/schema-generators.ts:234:17 - warning ts(80004): JSDoc types may be moved to TypeScript types.

src/pages/api/resource-download.ts:9:11 - warning ts(6196): 'ResourceDownloadRequest' is declared but never used.

src/pages/api/serve-resource.ts:130:10 - warning ts(6133): 'updateTokenAttempts' is declared but its value is never read.

src/pages/offers/[...slug].astro:392:5 - warning astro(4000): This script will be treated as if it has the `is:inline` directive because it contains an attribute. Therefore, features that require processing (e.g. using TypeScript or npm packages in the script) are unavailable.
See docs for more details: https://docs.astro.build/en/guides/client-side-scripts/#script-processing.
Add the `is:inline` directive explicitly to silence this hint.

src/pages/offers/[...slug].astro:218:7 - warning ts(6133): '_campaignSchemas' is declared but its value is never read.
src/pages/offers/[...slug].astro:18:38 - warning ts(6133): 'paginate' is declared but its value is never read.
src/pages/offers/[...slug].astro:18:23 - warning ts(80004): JSDoc types may be moved to TypeScript types.
src/pages/offers/[...slug].astro:7:10 - warning ts(6133): 'validateCampaignStatus' is declared but its value is never read.
src/pages/offers/[...slug].astro:576:5 - error ts(1128): Declaration or statement expected.
src/pages/offers/[...slug].astro:511:8 - error ts(1128): Declaration or statement expected.

src/pages/offers/expired.astro:166:11 - warning astro(4000): This script will be treated as if it has the `is:inline` directive because it contains an attribute. Therefore, features that require processing (e.g. using TypeScript or npm packages in the script) are unavailable.
See docs for more details: https://docs.astro.build/en/guides/client-side-scripts/#script-processing.
Add the `is:inline` directive explicitly to silence this hint.

src/pages/offers/expired.astro:43:3 - error ts(2322): Type '{ children: any[]; title: string; description: string; path: string; noindex: boolean; }' is not assignable to type 'IntrinsicAttributes & Props'.
  Property 'noindex' does not exist on type 'IntrinsicAttributes & Props'.
src/pages/offers/expired.astro:8:7 - warning ts(6133): 'canonicalUrl' is declared but its value is never read.

src/pages/resources/[...slug].astro:126:7 - warning ts(6133): 'schemas' is declared but its value is never read.

tests/unit/api/database.spec.ts:6:10 - warning ts(6133): 'vi' is declared but its value is never read.

tests/unit/api/security.spec.ts:5:32 - warning ts(6133): 'vi' is declared but its value is never read.

tests/unit/lib/schema-generators.spec.ts:621:11 - warning ts(6133): 'originalLocalBusiness' is declared but its value is never read.
tests/unit/lib/schema-generators.spec.ts:613:11 - warning ts(6133): 'options' is declared but its value is never read.

tests/unit/scripts/d1-cli.spec.ts:66:19 - error ts(2339): Property 'stdout' does not exist on type 'Error'.
tests/unit/scripts/d1-cli.spec.ts:65:19 - error ts(2339): Property 'stderr' does not exist on type 'Error'.
tests/unit/scripts/d1-cli.spec.ts:33:17 - error ts(2322): Type 'string' is not assignable to type 'Dirent'.
tests/unit/scripts/d1-cli.spec.ts:32:17 - error ts(2322): Type 'string' is not assignable to type 'Dirent'.
tests/unit/scripts/d1-cli.spec.ts:31:17 - error ts(2322): Type 'string' is not assignable to type 'Dirent'.
tests/unit/scripts/d1-cli.spec.ts:5:1 - warning ts(6133): 'path' is declared but its value is never read.

tests/unit/scripts/migrate-database.spec.ts:41:60 - error ts(2345): Argument of type '(file: any) => { success: true; error?: undefined; } | { success: false; error: string; }' is not assignable to parameter of type 'NormalizedProcedure<(filePath: any, local: any) => { success: boolean; output: string; error?: undefined; } | { success: boolean; output: any; error: any; }>'.
tests/unit/scripts/migrate-database.spec.ts:14:9 - error ts(2698): Spread types may only be created from object types.
tests/unit/scripts/migrate-database.spec.ts:3:1 - warning ts(6133): 'fs' is declared but its value is never read.

tests/unit/scripts/verify-database.spec.ts:11:9 - error ts(2698): Spread types may only be created from object types.
